// Jest Snapshot v1, https://goo.gl/fbAQLP

exports[`should render ExpenseListItem correctly 1`] = `
<div>
  <Link
    replace={false}
    to="/edit/2"
  >
    <h3>
      Rent
    </h3>
  </Link>
  <p>
    This expense is: 
    Rent
    . The current balance is: 
    109500
    . and it was created on: 
    -345600000
  </p>
</div>
`;
